mode: set
github.com/ewinjuman/go-lib/v2/httpclient/circuit_breaker.go:28.82,32.2 3 1
github.com/ewinjuman/go-lib/v2/httpclient/circuit_breaker.go:34.40,36.16 2 1
github.com/ewinjuman/go-lib/v2/httpclient/circuit_breaker.go:36.16,38.3 1 0
github.com/ewinjuman/go-lib/v2/httpclient/circuit_breaker.go:39.2,39.34 1 1
github.com/ewinjuman/go-lib/v2/httpclient/circuit_breaker.go:53.67,60.16 2 1
github.com/ewinjuman/go-lib/v2/httpclient/circuit_breaker.go:60.16,62.3 1 1
github.com/ewinjuman/go-lib/v2/httpclient/circuit_breaker.go:63.2,63.30 1 0
github.com/ewinjuman/go-lib/v2/httpclient/circuit_breaker.go:63.30,65.3 1 0
github.com/ewinjuman/go-lib/v2/httpclient/circuit_breaker.go:66.2,66.29 1 0
github.com/ewinjuman/go-lib/v2/httpclient/circuit_breaker.go:66.29,68.3 1 0
github.com/ewinjuman/go-lib/v2/httpclient/circuit_breaker.go:69.2,69.67 1 0
github.com/ewinjuman/go-lib/v2/httpclient/circuit_breaker.go:69.67,71.3 1 0
github.com/ewinjuman/go-lib/v2/httpclient/circuit_breaker.go:72.2,72.11 1 0
github.com/ewinjuman/go-lib/v2/httpclient/circuit_breaker.go:76.42,78.2 1 0
github.com/ewinjuman/go-lib/v2/httpclient/circuit_breaker.go:80.41,84.24 3 1
github.com/ewinjuman/go-lib/v2/httpclient/circuit_breaker.go:84.24,85.58 1 0
github.com/ewinjuman/go-lib/v2/httpclient/circuit_breaker.go:85.58,87.4 1 0
github.com/ewinjuman/go-lib/v2/httpclient/circuit_breaker.go:89.3,91.27 3 0
github.com/ewinjuman/go-lib/v2/httpclient/circuit_breaker.go:94.2,94.12 1 1
github.com/ewinjuman/go-lib/v2/httpclient/circuit_breaker.go:97.43,103.29 4 1
github.com/ewinjuman/go-lib/v2/httpclient/circuit_breaker.go:103.29,108.3 4 0
github.com/ewinjuman/go-lib/v2/httpclient/circuit_breaker.go:111.43,118.29 5 0
github.com/ewinjuman/go-lib/v2/httpclient/circuit_breaker.go:118.29,122.3 3 0
github.com/ewinjuman/go-lib/v2/httpclient/circuit_breaker.go:124.2,125.86 2 0
github.com/ewinjuman/go-lib/v2/httpclient/circuit_breaker.go:125.86,128.3 2 0
github.com/ewinjuman/go-lib/v2/httpclient/circuit_breaker.go:131.42,135.2 3 0
github.com/ewinjuman/go-lib/v2/httpclient/execute.go:27.86,28.26 1 1
github.com/ewinjuman/go-lib/v2/httpclient/execute.go:28.26,30.3 1 0
github.com/ewinjuman/go-lib/v2/httpclient/execute.go:31.2,31.29 1 1
github.com/ewinjuman/go-lib/v2/httpclient/execute.go:34.69,38.30 3 1
github.com/ewinjuman/go-lib/v2/httpclient/execute.go:38.30,40.36 2 1
github.com/ewinjuman/go-lib/v2/httpclient/execute.go:40.36,43.4 2 0
github.com/ewinjuman/go-lib/v2/httpclient/execute.go:46.2,54.23 6 1
github.com/ewinjuman/go-lib/v2/httpclient/execute.go:54.23,55.16 1 1
github.com/ewinjuman/go-lib/v2/httpclient/execute.go:55.16,57.4 1 0
github.com/ewinjuman/go-lib/v2/httpclient/execute.go:58.3,58.79 1 1
github.com/ewinjuman/go-lib/v2/httpclient/execute.go:62.2,62.15 1 1
github.com/ewinjuman/go-lib/v2/httpclient/execute.go:62.15,63.40 1 1
github.com/ewinjuman/go-lib/v2/httpclient/execute.go:63.40,65.4 1 0
github.com/ewinjuman/go-lib/v2/httpclient/execute.go:65.9,67.4 1 1
github.com/ewinjuman/go-lib/v2/httpclient/execute.go:70.2,71.40 2 1
github.com/ewinjuman/go-lib/v2/httpclient/execute.go:71.40,73.3 1 0
github.com/ewinjuman/go-lib/v2/httpclient/execute.go:74.2,74.17 1 1
github.com/ewinjuman/go-lib/v2/httpclient/execute.go:78.39,80.39 2 1
github.com/ewinjuman/go-lib/v2/httpclient/execute.go:80.39,82.3 1 1
github.com/ewinjuman/go-lib/v2/httpclient/execute.go:83.2,83.12 1 1
github.com/ewinjuman/go-lib/v2/httpclient/execute.go:87.74,89.21 2 1
github.com/ewinjuman/go-lib/v2/httpclient/execute.go:90.23,91.26 1 1
github.com/ewinjuman/go-lib/v2/httpclient/execute.go:92.45,96.42 4 0
github.com/ewinjuman/go-lib/v2/httpclient/execute.go:96.42,97.32 1 0
github.com/ewinjuman/go-lib/v2/httpclient/execute.go:97.32,99.5 1 0
github.com/ewinjuman/go-lib/v2/httpclient/execute.go:102.2,102.21 1 1
github.com/ewinjuman/go-lib/v2/httpclient/execute.go:102.21,104.3 1 1
github.com/ewinjuman/go-lib/v2/httpclient/execute.go:105.2,105.17 1 1
github.com/ewinjuman/go-lib/v2/httpclient/execute.go:105.17,107.3 1 0
github.com/ewinjuman/go-lib/v2/httpclient/execute.go:111.95,112.18 1 1
github.com/ewinjuman/go-lib/v2/httpclient/execute.go:113.18,114.27 1 1
github.com/ewinjuman/go-lib/v2/httpclient/execute.go:115.20,116.29 1 1
github.com/ewinjuman/go-lib/v2/httpclient/execute.go:117.17,118.26 1 1
github.com/ewinjuman/go-lib/v2/httpclient/execute.go:119.17,120.26 1 1
github.com/ewinjuman/go-lib/v2/httpclient/execute.go:121.21,122.30 1 0
github.com/ewinjuman/go-lib/v2/httpclient/execute.go:123.19,124.28 1 1
github.com/ewinjuman/go-lib/v2/httpclient/execute.go:125.10,126.52 1 0
github.com/ewinjuman/go-lib/v2/httpclient/execute.go:131.150,133.33 2 1
github.com/ewinjuman/go-lib/v2/httpclient/execute.go:133.33,135.3 1 0
github.com/ewinjuman/go-lib/v2/httpclient/execute.go:136.2,137.26 2 1
github.com/ewinjuman/go-lib/v2/httpclient/execute.go:137.26,139.3 1 1
github.com/ewinjuman/go-lib/v2/httpclient/execute.go:140.2,140.17 1 1
github.com/ewinjuman/go-lib/v2/httpclient/execute.go:140.17,142.3 1 0
github.com/ewinjuman/go-lib/v2/httpclient/execute.go:143.2,143.17 1 1
github.com/ewinjuman/go-lib/v2/httpclient/execute.go:147.126,148.21 1 1
github.com/ewinjuman/go-lib/v2/httpclient/execute.go:148.21,153.63 5 1
github.com/ewinjuman/go-lib/v2/httpclient/execute.go:153.63,155.4 1 0
github.com/ewinjuman/go-lib/v2/httpclient/execute.go:156.3,156.18 1 1
github.com/ewinjuman/go-lib/v2/httpclient/execute.go:156.18,158.4 1 0
github.com/ewinjuman/go-lib/v2/httpclient/execute.go:159.3,159.9 1 1
github.com/ewinjuman/go-lib/v2/httpclient/execute.go:161.2,163.18 3 1
github.com/ewinjuman/go-lib/v2/httpclient/execute.go:163.18,165.3 1 1
github.com/ewinjuman/go-lib/v2/httpclient/execute.go:166.2,168.21 3 0
github.com/ewinjuman/go-lib/v2/httpclient/execute.go:169.40,170.63 1 0
github.com/ewinjuman/go-lib/v2/httpclient/execute.go:170.63,172.4 1 0
github.com/ewinjuman/go-lib/v2/httpclient/execute.go:172.9,174.4 1 0
github.com/ewinjuman/go-lib/v2/httpclient/execute.go:175.10,176.64 1 0
github.com/ewinjuman/go-lib/v2/httpclient/execute.go:176.64,178.4 1 0
github.com/ewinjuman/go-lib/v2/httpclient/execute.go:178.9,180.4 1 0
github.com/ewinjuman/go-lib/v2/httpclient/http.go:28.33,30.2 1 0
github.com/ewinjuman/go-lib/v2/httpclient/http.go:65.52,75.2 1 1
github.com/ewinjuman/go-lib/v2/httpclient/http.go:77.42,77.72 1 1
github.com/ewinjuman/go-lib/v2/httpclient/http.go:78.42,78.71 1 1
github.com/ewinjuman/go-lib/v2/httpclient/http.go:79.42,79.71 1 1
github.com/ewinjuman/go-lib/v2/httpclient/http.go:80.42,80.74 1 1
github.com/ewinjuman/go-lib/v2/httpclient/http.go:81.42,81.73 1 1
github.com/ewinjuman/go-lib/v2/httpclient/http.go:82.42,82.75 1 0
github.com/ewinjuman/go-lib/v2/httpclient/http.go:84.75,87.2 2 0
github.com/ewinjuman/go-lib/v2/httpclient/http.go:89.65,92.2 2 0
github.com/ewinjuman/go-lib/v2/httpclient/http.go:94.76,97.2 2 1
github.com/ewinjuman/go-lib/v2/httpclient/http.go:99.57,102.2 2 0
github.com/ewinjuman/go-lib/v2/httpclient/http.go:104.89,107.2 2 1
github.com/ewinjuman/go-lib/v2/httpclient/http.go:109.87,112.2 2 1
github.com/ewinjuman/go-lib/v2/httpclient/http.go:114.82,115.30 1 1
github.com/ewinjuman/go-lib/v2/httpclient/http.go:115.30,117.3 1 1
github.com/ewinjuman/go-lib/v2/httpclient/http.go:118.2,118.11 1 1
github.com/ewinjuman/go-lib/v2/httpclient/http.go:121.70,124.2 2 1
github.com/ewinjuman/go-lib/v2/httpclient/http.go:126.74,129.2 2 0
github.com/ewinjuman/go-lib/v2/httpclient/http.go:131.76,134.2 2 0
github.com/ewinjuman/go-lib/v2/httpclient/http.go:136.78,139.2 2 0
github.com/ewinjuman/go-lib/v2/httpclient/http.go:141.84,145.2 3 1
github.com/ewinjuman/go-lib/v2/httpclient/http.go:147.68,150.2 2 1
github.com/ewinjuman/go-lib/v2/httpclient/http.go:152.73,153.20 1 1
github.com/ewinjuman/go-lib/v2/httpclient/http.go:153.20,155.3 1 1
github.com/ewinjuman/go-lib/v2/httpclient/http.go:156.2,156.11 1 1
github.com/ewinjuman/go-lib/v2/httpclient/http.go:159.67,162.2 2 1
github.com/ewinjuman/go-lib/v2/httpclient/http.go:167.94,170.2 2 0
github.com/ewinjuman/go-lib/v2/httpclient/http.go:174.67,177.2 2 1
github.com/ewinjuman/go-lib/v2/httpclient/http.go:179.47,187.28 6 1
github.com/ewinjuman/go-lib/v2/httpclient/http.go:187.28,189.3 1 0
github.com/ewinjuman/go-lib/v2/httpclient/http.go:190.2,190.24 1 1
github.com/ewinjuman/go-lib/v2/httpclient/http.go:190.24,192.3 1 0
github.com/ewinjuman/go-lib/v2/httpclient/http.go:194.2,197.40 3 1
github.com/ewinjuman/go-lib/v2/httpclient/http.go:200.46,201.38 1 1
github.com/ewinjuman/go-lib/v2/httpclient/http.go:201.38,203.3 1 1
github.com/ewinjuman/go-lib/v2/httpclient/http.go:206.47,207.81 1 1
github.com/ewinjuman/go-lib/v2/httpclient/http.go:207.81,209.3 1 1
github.com/ewinjuman/go-lib/v2/httpclient/http.go:210.2,210.25 1 1
github.com/ewinjuman/go-lib/v2/httpclient/http.go:210.25,212.3 1 0
github.com/ewinjuman/go-lib/v2/httpclient/http.go:212.8,214.3 1 1
github.com/ewinjuman/go-lib/v2/httpclient/http.go:217.44,218.35 1 1
github.com/ewinjuman/go-lib/v2/httpclient/http.go:218.35,220.3 1 1
github.com/ewinjuman/go-lib/v2/httpclient/http_client.go:12.30,19.2 4 1
github.com/ewinjuman/go-lib/v2/httpclient/http_response.go:20.43,21.29 1 1
github.com/ewinjuman/go-lib/v2/httpclient/http_response.go:21.29,22.39 1 1
github.com/ewinjuman/go-lib/v2/httpclient/http_response.go:22.39,23.28 1 1
github.com/ewinjuman/go-lib/v2/httpclient/http_response.go:23.28,25.5 1 1
github.com/ewinjuman/go-lib/v2/httpclient/http_response.go:27.3,27.15 1 1
github.com/ewinjuman/go-lib/v2/httpclient/http_response.go:29.2,29.50 1 0
github.com/ewinjuman/go-lib/v2/httpclient/http_response.go:32.40,34.19 2 1
github.com/ewinjuman/go-lib/v2/httpclient/http_response.go:34.19,36.3 1 1
github.com/ewinjuman/go-lib/v2/httpclient/http_response.go:37.2,37.91 1 1
github.com/ewinjuman/go-lib/v2/httpclient/http_response.go:41.49,42.20 1 1
github.com/ewinjuman/go-lib/v2/httpclient/http_response.go:42.20,44.3 1 0
github.com/ewinjuman/go-lib/v2/httpclient/http_response.go:45.2,45.26 1 1
github.com/ewinjuman/go-lib/v2/httpclient/http_response.go:45.26,47.3 1 0
github.com/ewinjuman/go-lib/v2/httpclient/http_response.go:48.2,48.19 1 1
github.com/ewinjuman/go-lib/v2/httpclient/http_response.go:48.19,50.3 1 0
github.com/ewinjuman/go-lib/v2/httpclient/http_response.go:51.2,51.51 1 1
github.com/ewinjuman/go-lib/v2/httpclient/http_response.go:51.51,53.3 1 0
github.com/ewinjuman/go-lib/v2/httpclient/http_response.go:54.2,54.12 1 1
github.com/ewinjuman/go-lib/v2/httpclient/http_response.go:57.37,59.2 1 1
github.com/ewinjuman/go-lib/v2/httpclient/http_response.go:61.44,62.20 1 0
github.com/ewinjuman/go-lib/v2/httpclient/http_response.go:62.20,64.3 1 0
github.com/ewinjuman/go-lib/v2/httpclient/http_response.go:65.2,65.26 1 0
github.com/ewinjuman/go-lib/v2/httpclient/http_response.go:65.26,67.3 1 0
github.com/ewinjuman/go-lib/v2/httpclient/http_response.go:68.2,68.19 1 0
github.com/ewinjuman/go-lib/v2/httpclient/http_response.go:71.35,73.2 1 0
github.com/ewinjuman/go-lib/v2/httpclient/http_response.go:78.50,79.20 1 1
github.com/ewinjuman/go-lib/v2/httpclient/http_response.go:79.20,81.3 1 1
github.com/ewinjuman/go-lib/v2/httpclient/http_response.go:82.2,82.26 1 1
github.com/ewinjuman/go-lib/v2/httpclient/http_response.go:82.26,84.3 1 1
github.com/ewinjuman/go-lib/v2/httpclient/http_response.go:85.2,85.19 1 1
github.com/ewinjuman/go-lib/v2/httpclient/http_response.go:85.19,87.3 1 1
github.com/ewinjuman/go-lib/v2/httpclient/http_response.go:88.2,88.41 1 1
github.com/ewinjuman/go-lib/v2/httpclient/middleware.go:26.63,26.78 1 1
github.com/ewinjuman/go-lib/v2/httpclient/middleware.go:37.63,38.15 1 1
github.com/ewinjuman/go-lib/v2/httpclient/middleware.go:38.15,39.56 1 1
github.com/ewinjuman/go-lib/v2/httpclient/middleware.go:41.2,41.37 1 1
github.com/ewinjuman/go-lib/v2/httpclient/middleware.go:47.76,49.45 2 1
github.com/ewinjuman/go-lib/v2/httpclient/middleware.go:49.45,51.18 2 1
github.com/ewinjuman/go-lib/v2/httpclient/middleware.go:51.18,52.12 1 1
github.com/ewinjuman/go-lib/v2/httpclient/middleware.go:54.3,54.14 1 1
github.com/ewinjuman/go-lib/v2/httpclient/middleware.go:56.2,56.10 1 1
github.com/ewinjuman/go-lib/v2/httpclient/middleware.go:62.52,63.56 1 1
github.com/ewinjuman/go-lib/v2/httpclient/middleware.go:63.56,64.67 1 1
github.com/ewinjuman/go-lib/v2/httpclient/middleware.go:64.67,76.18 5 1
github.com/ewinjuman/go-lib/v2/httpclient/middleware.go:76.18,79.40 1 1
github.com/ewinjuman/go-lib/v2/httpclient/middleware.go:79.40,81.6 1 0
github.com/ewinjuman/go-lib/v2/httpclient/middleware.go:82.5,83.20 2 1
github.com/ewinjuman/go-lib/v2/httpclient/middleware.go:85.4,86.20 2 1
